../Core/Src/main.c:152:5:main	88	static
../Core/Src/main.c:251:6:SystemClock_Config	88	static
../Core/Src/main.c:299:13:MX_I2C1_Init	8	static
../Core/Src/main.c:330:13:MX_SPI2_Init	8	static
../Core/Src/main.c:368:13:MX_USART2_UART_Init	8	static
../Core/Src/main.c:398:13:MX_USART3_UART_Init	8	static
../Core/Src/main.c:429:13:MX_DMA_Init	16	static
../Core/Src/main.c:450:13:MX_GPIO_Init	48	static
../Core/Src/main.c:502:12:hex_nibble	16	static
../Core/Src/main.c:510:13:parse_hex2	24	static
../Core/Src/main.c:519:6:FLASH_Probe	16	static
../Core/Src/main.c:544:6:UART_Print	16	static
../Core/Src/main.c:549:9:I2C_ReadByte	40	static
../Core/Src/main.c:556:6:I2C_WriteByte	32	static
../Core/Src/main.c:561:6:L3G4200D_Init	16	static
../Core/Src/main.c:580:13:I2C_RecoverIfNeeded	8	static
../Core/Src/main.c:591:13:Gyro_Calibrate	40	static
../Core/Src/main.c:605:6:L3G4200D_ReadGyro	48	static
../Core/Src/main.c:634:6:log_current_gyro	24	static
../Core/Src/main.c:644:9:cam_checksum	24	static
../Core/Src/main.c:651:6:cam_build_response	24	static
../Core/Src/main.c:663:6:handle_cam_command	96	static
../Core/Src/main.c:728:6:CheckOBC_Task	168	static
../Core/Src/main.c:806:6:FLASH_WriteEnable	16	static
../Core/Src/main.c:815:6:FLASH_WaitBusy	24	static
../Core/Src/main.c:838:6:FLASH_SectorErase	24	static
../Core/Src/main.c:857:6:FLASH_PageProgram	32	static
../Core/Src/main.c:877:6:FLASH_Read	32	static
../Core/Src/main.c:892:6:FLASH_WriteLogToMissionFlash	56	static
../Core/Src/main.c:955:13:build_STS_inner	40	static
../Core/Src/main.c:980:6:Error_Handler	4	static,ignoring_inline_asm
