../Core/Src/main.c:157:5:main	96	static
../Core/Src/main.c:256:6:SystemClock_Config	88	static
../Core/Src/main.c:304:13:MX_I2C1_Init	8	static
../Core/Src/main.c:335:13:MX_SPI2_Init	8	static
../Core/Src/main.c:373:13:MX_USART2_UART_Init	8	static
../Core/Src/main.c:403:13:MX_USART3_UART_Init	8	static
../Core/Src/main.c:434:13:MX_DMA_Init	16	static
../Core/Src/main.c:455:13:MX_GPIO_Init	48	static
../Core/Src/main.c:507:12:hex_nibble	16	static
../Core/Src/main.c:515:13:parse_hex2	24	static
../Core/Src/main.c:524:6:FLASH_Probe	16	static
../Core/Src/main.c:549:13:PC_Print	16	static
../Core/Src/main.c:554:13:PC_PrintHex64	280	static
../Core/Src/main.c:568:13:PC_PrintHexN	544	static
../Core/Src/main.c:582:9:I2C_ReadByte	40	static
../Core/Src/main.c:589:6:I2C_WriteByte	32	static
../Core/Src/main.c:594:6:L3G4200D_Init	16	static
../Core/Src/main.c:613:13:I2C_RecoverIfNeeded	8	static
../Core/Src/main.c:624:13:Gyro_Calibrate	40	static
../Core/Src/main.c:638:6:L3G4200D_ReadGyro	48	static
../Core/Src/main.c:667:6:log_current_gyro	24	static
../Core/Src/main.c:677:9:cam_checksum	24	static
../Core/Src/main.c:684:16:cam_checksum_xor64	24	static
../Core/Src/main.c:692:13:hex_digit	16	static
../Core/Src/main.c:698:16:cam_checksum_xor_range	32	static
../Core/Src/main.c:705:8:cam_build_response	152	static
../Core/Src/main.c:739:6:handle_cam_command	176	static
../Core/Src/main.c:819:6:CheckOBC_Task	192	static
../Core/Src/main.c:940:6:FLASH_WriteEnable	16	static
../Core/Src/main.c:949:6:FLASH_WaitBusy	24	static
../Core/Src/main.c:972:6:FLASH_SectorErase	24	static
../Core/Src/main.c:991:6:FLASH_PageProgram	32	static
../Core/Src/main.c:1011:6:FLASH_Read	32	static
../Core/Src/main.c:1026:6:FLASH_WriteLogToMissionFlash	56	static
../Core/Src/main.c:1088:13:build_STS_inner	40	static
../Core/Src/main.c:1113:6:Error_Handler	4	static,ignoring_inline_asm
