../Core/Src/main.c:174:5:main	192	static
../Core/Src/main.c:368:6:SystemClock_Config	88	static
../Core/Src/main.c:416:13:MX_I2C1_Init	8	static
../Core/Src/main.c:447:13:MX_SPI2_Init	8	static
../Core/Src/main.c:485:13:MX_USART2_UART_Init	8	static
../Core/Src/main.c:515:13:MX_USART3_UART_Init	8	static
../Core/Src/main.c:546:13:MX_DMA_Init	16	static
../Core/Src/main.c:567:13:MX_GPIO_Init	48	static
../Core/Src/main.c:608:6:FLASH_GlobalUnprotect	152	static
../Core/Src/main.c:637:13:SPI_GPIO_Snapshot	176	static
../Core/Src/main.c:651:13:FLASH_PrintSR	144	static
../Core/Src/main.c:666:16:FLASH_ReadSR	16	static
../Core/Src/main.c:677:6:FLASH_Enter4ByteAddr	16	static
../Core/Src/main.c:686:13:FLASH_DumpHex	96	static
../Core/Src/main.c:698:13:FLASH_Read_4B	32	static
../Core/Src/main.c:712:19:rxrb_pop	16	static
../Core/Src/main.c:719:6:HAL_UART_RxCpltCallback	24	static
../Core/Src/main.c:731:6:HAL_UART_ErrorCallback	16	static
../Core/Src/main.c:739:20:UART_OBC_ClearRxErrors	24	static
../Core/Src/main.c:746:23:cmd_q_is_empty	4	static
../Core/Src/main.c:749:23:cmd_q_is_full	4	static
../Core/Src/main.c:752:20:cmd_q_push	16	static,ignoring_inline_asm
../Core/Src/main.c:762:23:cmd_q_pop	16	static,ignoring_inline_asm
../Core/Src/main.c:772:12:hex_nibble	16	static
../Core/Src/main.c:782:13:parse_hex2	24	static
../Core/Src/main.c:791:6:FLASH_Probe	96	static
../Core/Src/main.c:820:13:PC_Print	16	static
../Core/Src/main.c:824:13:PC_PrintHex64	280	static
../Core/Src/main.c:838:13:PC_PrintHexN	544	static
../Core/Src/main.c:851:9:I2C_ReadByte	40	static
../Core/Src/main.c:858:6:I2C_WriteByte	32	static
../Core/Src/main.c:863:6:L3G4200D_Init	16	static
../Core/Src/main.c:878:13:I2C_RecoverIfNeeded	8	static
../Core/Src/main.c:888:13:Gyro_Calibrate	40	static
../Core/Src/main.c:905:6:L3G4200D_ReadGyro	48	static
../Core/Src/main.c:937:6:log_current_gyro	24	static
../Core/Src/main.c:950:9:cam_checksum	24	static
../Core/Src/main.c:958:16:cam_checksum_xor64	24	static
../Core/Src/main.c:966:13:hex_digit	16	static
../Core/Src/main.c:971:16:cam_checksum_xor_range	32	static
../Core/Src/main.c:978:8:cam_build_response	152	static
../Core/Src/main.c:1014:6:handle_cam_command	176	static
../Core/Src/main.c:1117:6:CheckOBC_Task	72	static
../Core/Src/main.c:1233:6:FLASH_WriteEnable	88	static
../Core/Src/main.c:1253:6:FLASH_WaitBusy	112	static
../Core/Src/main.c:1290:6:FLASH_SectorErase	160	static
../Core/Src/main.c:1346:6:FLASH_PageProgram	40	static
../Core/Src/main.c:1382:13:FLASH_WriteStatus	24	static
../Core/Src/main.c:1402:6:FLASH_Read	32	static
../Core/Src/main.c:1416:6:FLASH_WriteLogToMissionFlash	272	static
../Core/Src/main.c:1563:13:build_STS_inner	40	static
../Core/Src/main.c:1586:6:Error_Handler	4	static,ignoring_inline_asm
