../Core/Src/main.c:157:5:main	24	static
../Core/Src/main.c:246:6:SystemClock_Config	88	static
../Core/Src/main.c:294:13:MX_I2C1_Init	8	static
../Core/Src/main.c:325:13:MX_SPI2_Init	8	static
../Core/Src/main.c:363:13:MX_USART2_UART_Init	8	static
../Core/Src/main.c:393:13:MX_USART3_UART_Init	8	static
../Core/Src/main.c:424:13:MX_DMA_Init	16	static
../Core/Src/main.c:445:13:MX_GPIO_Init	48	static
../Core/Src/main.c:496:6:FLASH_Probe	16	static
../Core/Src/main.c:521:13:PC_Print	16	static
../Core/Src/main.c:526:13:PC_PrintHex64	280	static
../Core/Src/main.c:540:9:I2C_ReadByte	40	static
../Core/Src/main.c:547:6:I2C_WriteByte	32	static
../Core/Src/main.c:552:6:L3G4200D_Init	16	static
../Core/Src/main.c:571:13:I2C_RecoverIfNeeded	8	static
../Core/Src/main.c:582:13:Gyro_Calibrate	40	static
../Core/Src/main.c:596:6:L3G4200D_ReadGyro	48	static
../Core/Src/main.c:625:6:log_current_gyro	24	static
../Core/Src/main.c:635:9:cam_checksum	24	static
../Core/Src/main.c:642:6:cam_build_response	24	static
../Core/Src/main.c:654:6:handle_cam_command	96	static
../Core/Src/main.c:727:6:CheckOBC_Task	160	static
../Core/Src/main.c:753:6:FLASH_WriteEnable	16	static
../Core/Src/main.c:762:6:FLASH_WaitBusy	24	static
../Core/Src/main.c:785:6:FLASH_SectorErase	24	static
../Core/Src/main.c:804:6:FLASH_PageProgram	32	static
../Core/Src/main.c:824:6:FLASH_Read	32	static
../Core/Src/main.c:839:6:FLASH_WriteLogToMissionFlash	56	static
../Core/Src/main.c:897:13:build_STS_inner	40	static
../Core/Src/main.c:922:6:Error_Handler	4	static,ignoring_inline_asm
