../Core/Src/main.c:175:5:main	160	static
../Core/Src/main.c:301:6:SystemClock_Config	88	static
../Core/Src/main.c:349:13:MX_I2C1_Init	8	static
../Core/Src/main.c:380:13:MX_SPI2_Init	8	static
../Core/Src/main.c:418:13:MX_USART2_UART_Init	8	static
../Core/Src/main.c:448:13:MX_USART3_UART_Init	8	static
../Core/Src/main.c:479:13:MX_DMA_Init	16	static
../Core/Src/main.c:500:13:MX_GPIO_Init	48	static
../Core/Src/main.c:541:13:FLASH_PrintSR	144	static
../Core/Src/main.c:556:16:FLASH_ReadSR	16	static
../Core/Src/main.c:567:6:FLASH_Enter4ByteAddr	16	static
../Core/Src/main.c:576:13:FLASH_DumpHex	96	static
../Core/Src/main.c:588:13:FLASH_Read_4B	32	static
../Core/Src/main.c:602:19:rxrb_pop	16	static
../Core/Src/main.c:609:6:HAL_UART_RxCpltCallback	24	static
../Core/Src/main.c:621:6:HAL_UART_ErrorCallback	16	static
../Core/Src/main.c:629:20:UART_OBC_ClearRxErrors	24	static
../Core/Src/main.c:636:23:cmd_q_is_empty	4	static
../Core/Src/main.c:639:23:cmd_q_is_full	4	static
../Core/Src/main.c:642:20:cmd_q_push	16	static,ignoring_inline_asm
../Core/Src/main.c:652:23:cmd_q_pop	16	static,ignoring_inline_asm
../Core/Src/main.c:662:12:hex_nibble	16	static
../Core/Src/main.c:672:13:parse_hex2	24	static
../Core/Src/main.c:681:6:FLASH_Probe	96	static
../Core/Src/main.c:705:13:PC_Print	16	static
../Core/Src/main.c:709:13:PC_PrintHex64	280	static
../Core/Src/main.c:723:13:PC_PrintHexN	544	static
../Core/Src/main.c:736:9:I2C_ReadByte	40	static
../Core/Src/main.c:743:6:I2C_WriteByte	32	static
../Core/Src/main.c:748:6:L3G4200D_Init	16	static
../Core/Src/main.c:763:13:I2C_RecoverIfNeeded	8	static
../Core/Src/main.c:773:13:Gyro_Calibrate	40	static
../Core/Src/main.c:790:6:L3G4200D_ReadGyro	48	static
../Core/Src/main.c:822:6:log_current_gyro	24	static
../Core/Src/main.c:835:9:cam_checksum	24	static
../Core/Src/main.c:843:16:cam_checksum_xor64	24	static
../Core/Src/main.c:851:13:hex_digit	16	static
../Core/Src/main.c:856:16:cam_checksum_xor_range	32	static
../Core/Src/main.c:863:8:cam_build_response	152	static
../Core/Src/main.c:899:6:handle_cam_command	176	static
../Core/Src/main.c:995:6:CheckOBC_Task	72	static
../Core/Src/main.c:1111:6:FLASH_WriteEnable	16	static
../Core/Src/main.c:1131:6:FLASH_WaitBusy	24	static
../Core/Src/main.c:1158:6:FLASH_SectorErase	24	static
../Core/Src/main.c:1198:6:FLASH_PageProgram	32	static
../Core/Src/main.c:1224:13:FLASH_WriteStatus	24	static
../Core/Src/main.c:1244:6:FLASH_Read	32	static
../Core/Src/main.c:1258:6:FLASH_WriteLogToMissionFlash	200	static
../Core/Src/main.c:1385:13:build_STS_inner	40	static
../Core/Src/main.c:1408:6:Error_Handler	4	static,ignoring_inline_asm
