../Core/Src/main.c:156:5:main	88	static
../Core/Src/main.c:255:6:SystemClock_Config	88	static
../Core/Src/main.c:303:13:MX_I2C1_Init	8	static
../Core/Src/main.c:334:13:MX_SPI2_Init	8	static
../Core/Src/main.c:372:13:MX_USART2_UART_Init	8	static
../Core/Src/main.c:402:13:MX_USART3_UART_Init	8	static
../Core/Src/main.c:433:13:MX_DMA_Init	16	static
../Core/Src/main.c:454:13:MX_GPIO_Init	48	static
../Core/Src/main.c:506:12:hex_nibble	16	static
../Core/Src/main.c:514:13:parse_hex2	24	static
../Core/Src/main.c:523:6:FLASH_Probe	16	static
../Core/Src/main.c:548:13:PC_Print	16	static
../Core/Src/main.c:553:13:PC_PrintHex64	280	static
../Core/Src/main.c:567:9:I2C_ReadByte	40	static
../Core/Src/main.c:574:6:I2C_WriteByte	32	static
../Core/Src/main.c:579:6:L3G4200D_Init	16	static
../Core/Src/main.c:598:13:I2C_RecoverIfNeeded	8	static
../Core/Src/main.c:609:13:Gyro_Calibrate	40	static
../Core/Src/main.c:623:6:L3G4200D_ReadGyro	48	static
../Core/Src/main.c:652:6:log_current_gyro	24	static
../Core/Src/main.c:662:9:cam_checksum	24	static
../Core/Src/main.c:669:6:cam_build_response	24	static
../Core/Src/main.c:681:6:handle_cam_command	96	static
../Core/Src/main.c:750:6:CheckOBC_Task	168	static
../Core/Src/main.c:828:6:FLASH_WriteEnable	16	static
../Core/Src/main.c:837:6:FLASH_WaitBusy	24	static
../Core/Src/main.c:860:6:FLASH_SectorErase	24	static
../Core/Src/main.c:879:6:FLASH_PageProgram	32	static
../Core/Src/main.c:899:6:FLASH_Read	32	static
../Core/Src/main.c:914:6:FLASH_WriteLogToMissionFlash	56	static
../Core/Src/main.c:976:13:build_STS_inner	40	static
../Core/Src/main.c:1001:6:Error_Handler	4	static,ignoring_inline_asm
